[demo.photo.gallery/examples/variations/justified/index.html]
[backblue.gif]
[fade.gif]
[index.html]
[demo.photo.gallery/content/custom/favicon/favicon.png]
[demo.photo.gallery/app/public/css/3.34.2/x3.skin.daylight.css]
[cdn.jsdelivr.net/npm/x3.photo.gallery@3.34.2/css/x3.skin.daylight.css]
[cdn.jsdelivr.net/npm/jquery@3.6.0/dist/jquery.min.js]
[demo.photo.gallery/app/public/js/3.34.2/x3.min.js]
[cdn.jsdelivr.net/npm/animejs@3.2.1/lib/anime.min.js]
[cdn.jsdelivr.net/npm/velocity-animate@1.0.1/velocity.min.js]
[cdn.jsdelivr.net/npm/velocity-animate@1.0.1/velocity.ui.min.js]
[cdn.jsdelivr.net/npm/string@3.3.3/dist/string.min.js]
[cdn.jsdelivr.net/npm/x3.photo.gallery@3.34.2/js/x3.min.js]
[demo.photo.gallery/examples/variations/justified/index.html]
[demo.photo.gallery/cdn-cgi/challenge-platform/h/g/scripts/jsd/849bfe45bf45/maind41d.js]
[demo.photo.gallery/app/public/css/3.34.2/owl.video.play.png]
[demo.photo.gallery/app/public/css/3.34.2/x3.skin.daylight.css]
[cdn.jsdelivr.net/npm/x3.photo.gallery@3.34.2/css/owl.video.play.png]
[cdn.jsdelivr.net/npm/x3.photo.gallery@3.34.2/css/x3.skin.daylight.css]
[demo.photo.gallery/app/public/css/3.34.2/owl.video.play.html]
[cdn.jsdelivr.net/npm/x3.photo.gallery@3.34.2/css/owl.video.play.png]
